[INFO  二  7/30 15:05:43 2024] ...vim/plugged/mason.nvim/lua/mason-core/installer/init.lua:184: Executing installer for Package(name=python-lsp-server) {}
[INFO  二  7/30 15:05:43 2024] ...vim/plugged/mason.nvim/lua/mason-core/installer/init.lua:184: Executing installer for Package(name=lua-language-server) {}
[INFO  二  7/30 15:05:43 2024] ...vim/plugged/mason.nvim/lua/mason-core/installer/init.lua:184: Executing installer for Package(name=bash-language-server) {}
[ERROR 二  7/30 15:05:43 2024] ...vim/plugged/mason.nvim/lua/mason-core/installer/init.lua:249: Installation failed for Package(name=bash-language-server) error=spawn: npm failed with exit code - and signal -. npm is not executable
[INFO  二  7/30 15:05:48 2024] ...vim/plugged/mason.nvim/lua/mason-core/installer/init.lua:245: Installation succeeded for Package(name=lua-language-server)
[ERROR 二  7/30 15:05:58 2024] ...vim/plugged/mason.nvim/lua/mason-core/installer/init.lua:249: Installation failed for Package(name=python-lsp-server) error="Installation was aborted."
[INFO  二  7/30 15:12:10 2024] ...vim/plugged/mason.nvim/lua/mason-core/installer/init.lua:184: Executing installer for Package(name=python-lsp-server) {}
[INFO  二  7/30 15:12:10 2024] ...vim/plugged/mason.nvim/lua/mason-core/installer/init.lua:184: Executing installer for Package(name=bash-language-server) {}
[ERROR 二  7/30 15:12:10 2024] ...vim/plugged/mason.nvim/lua/mason-core/installer/init.lua:249: Installation failed for Package(name=bash-language-server) error=spawn: npm failed with exit code - and signal -. npm is not executable
[ERROR 二  7/30 15:12:12 2024] ...vim/plugged/mason.nvim/lua/mason-core/installer/init.lua:249: Installation failed for Package(name=python-lsp-server) error="Unable to find python3 installation in PATH. Tried the following candidates: python3, python."
[INFO  二  7/30 15:12:57 2024] ...vim/plugged/mason.nvim/lua/mason-core/installer/init.lua:184: Executing installer for Package(name=python-lsp-server) {}
[INFO  二  7/30 15:12:57 2024] ...vim/plugged/mason.nvim/lua/mason-core/installer/init.lua:184: Executing installer for Package(name=bash-language-server) {}
[ERROR 二  7/30 15:12:57 2024] ...vim/plugged/mason.nvim/lua/mason-core/installer/init.lua:249: Installation failed for Package(name=bash-language-server) error=spawn: npm failed with exit code - and signal -. npm is not executable
[ERROR 二  7/30 15:12:57 2024] ...vim/plugged/mason.nvim/lua/mason-core/installer/init.lua:249: Installation failed for Package(name=python-lsp-server) error="Unable to find python3 installation in PATH. Tried the following candidates: python3, python."
[INFO  二  7/30 15:13:00 2024] ...vim/plugged/mason.nvim/lua/mason-core/installer/init.lua:184: Executing installer for Package(name=python-lsp-server) {}
[INFO  二  7/30 15:13:00 2024] ...vim/plugged/mason.nvim/lua/mason-core/installer/init.lua:184: Executing installer for Package(name=bash-language-server) {}
[ERROR 二  7/30 15:13:00 2024] ...vim/plugged/mason.nvim/lua/mason-core/installer/init.lua:249: Installation failed for Package(name=bash-language-server) error=spawn: npm failed with exit code - and signal -. npm is not executable
[ERROR 二  7/30 15:13:00 2024] ...vim/plugged/mason.nvim/lua/mason-core/installer/init.lua:249: Installation failed for Package(name=python-lsp-server) error="Unable to find python3 installation in PATH. Tried the following candidates: python3, python."
[INFO  二  7/30 15:13:12 2024] ...vim/plugged/mason.nvim/lua/mason-core/installer/init.lua:184: Executing installer for Package(name=python-lsp-server) {}
[INFO  二  7/30 15:13:12 2024] ...vim/plugged/mason.nvim/lua/mason-core/installer/init.lua:184: Executing installer for Package(name=bash-language-server) {}
[ERROR 二  7/30 15:13:12 2024] ...vim/plugged/mason.nvim/lua/mason-core/installer/init.lua:249: Installation failed for Package(name=bash-language-server) error=spawn: npm failed with exit code - and signal -. npm is not executable
[ERROR 二  7/30 15:13:12 2024] ...vim/plugged/mason.nvim/lua/mason-core/installer/init.lua:249: Installation failed for Package(name=python-lsp-server) error="Unable to find python3 installation in PATH. Tried the following candidates: python3, python."
[INFO  二  7/30 15:13:57 2024] ...vim/plugged/mason.nvim/lua/mason-core/installer/init.lua:184: Executing installer for Package(name=python-lsp-server) {}
[ERROR 二  7/30 15:13:57 2024] ...vim/plugged/mason.nvim/lua/mason-core/installer/init.lua:249: Installation failed for Package(name=python-lsp-server) error="Unable to find python3 installation in PATH. Tried the following candidates: python3, python."
[INFO  二  7/30 15:16:47 2024] ...vim/plugged/mason.nvim/lua/mason-core/installer/init.lua:184: Executing installer for Package(name=python-lsp-server) {}
[INFO  二  7/30 15:16:47 2024] ...vim/plugged/mason.nvim/lua/mason-core/installer/init.lua:184: Executing installer for Package(name=bash-language-server) {}
[ERROR 二  7/30 15:16:47 2024] ...vim/plugged/mason.nvim/lua/mason-core/installer/init.lua:249: Installation failed for Package(name=bash-language-server) error=spawn: npm failed with exit code - and signal -. npm is not executable
[INFO  二  7/30 15:16:59 2024] ...vim/plugged/mason.nvim/lua/mason-core/installer/init.lua:245: Installation succeeded for Package(name=python-lsp-server)
[INFO  二  7/30 15:17:05 2024] ...vim/plugged/mason.nvim/lua/mason-core/installer/init.lua:184: Executing installer for Package(name=bash-language-server) {}
[ERROR 二  7/30 15:17:05 2024] ...vim/plugged/mason.nvim/lua/mason-core/installer/init.lua:249: Installation failed for Package(name=bash-language-server) error=spawn: npm failed with exit code - and signal -. npm is not executable
[INFO  二  7/30 15:17:35 2024] ...vim/plugged/mason.nvim/lua/mason-core/installer/init.lua:184: Executing installer for Package(name=bash-language-server) {}
[ERROR 二  7/30 15:17:35 2024] ...vim/plugged/mason.nvim/lua/mason-core/installer/init.lua:249: Installation failed for Package(name=bash-language-server) error=spawn: npm failed with exit code - and signal -. npm is not executable
[INFO  二  7/30 15:18:48 2024] ...vim/plugged/mason.nvim/lua/mason-core/installer/init.lua:184: Executing installer for Package(name=bash-language-server) {}
[INFO  二  7/30 15:18:56 2024] ...vim/plugged/mason.nvim/lua/mason-core/installer/init.lua:245: Installation succeeded for Package(name=bash-language-server)
[INFO  Sun Aug  4 23:42:08 2024] ...vim/plugged/mason.nvim/lua/mason-core/installer/init.lua:184: Executing installer for Package(name=lua-language-server) {}
[ERROR Sun Aug  4 23:43:16 2024] ...vim/plugged/mason.nvim/lua/mason-core/installer/init.lua:249: Installation failed for Package(name=lua-language-server) error="Installation was aborted."
[ERROR Sun Aug  4 23:44:57 2024] ...plugged/mason.nvim/lua/mason-registry/sources/github.lua:146: Failed to install registry GitHubRegistrySource(repo=mason-org/mason-registry). "Failed to download registry archive."
[INFO  Sun Aug  4 23:45:03 2024] ...vim/plugged/mason.nvim/lua/mason-core/installer/init.lua:184: Executing installer for Package(name=lua-language-server) Package(name=lua-language-server)
[ERROR Sun Aug  4 23:46:43 2024] ...plugged/mason.nvim/lua/mason-registry/sources/github.lua:146: Failed to install registry GitHubRegistrySource(repo=mason-org/mason-registry). "Failed to download registry archive."
[INFO  Sun Aug  4 23:46:46 2024] ...vim/plugged/mason.nvim/lua/mason-core/installer/init.lua:184: Executing installer for Package(name=lua-language-server) Package(name=lua-language-server)
[ERROR Sun Aug  4 23:46:46 2024] ...vim/plugged/mason.nvim/lua/mason-core/installer/init.lua:61: Lockfile already exists. Package(name=lua-language-server)
[ERROR Sun Aug  4 23:46:46 2024] ...vim/plugged/mason.nvim/lua/mason-core/installer/init.lua:249: Installation failed for Package(name=lua-language-server) error="Lockfile exists, installation is already running in another process (pid: 7681). Run with :MasonInstall --force to bypass."
[ERROR Sun Aug  4 23:47:08 2024] ...vim/plugged/mason.nvim/lua/mason-core/installer/init.lua:249: Installation failed for Package(name=lua-language-server) error="Installation was aborted."
[ERROR Sun Aug  4 23:51:11 2024] ...plugged/mason.nvim/lua/mason-registry/sources/github.lua:146: Failed to install registry GitHubRegistrySource(repo=mason-org/mason-registry). "Failed to download registry archive."
[INFO  Sun Aug  4 23:51:24 2024] ...vim/plugged/mason.nvim/lua/mason-core/installer/init.lua:184: Executing installer for Package(name=lua-language-server) Package(name=lua-language-server)
[ERROR Sun Aug  4 23:51:54 2024] ...vim/plugged/mason.nvim/lua/mason-core/installer/init.lua:249: Installation failed for Package(name=lua-language-server) error='spawn: wget failed with exit code - and signal -. wget is not executable\nFailed to download file "https://github.com/luals/lua-language-server/releases/download/3.10.1/lua-language-server-3.10.1-darwin-arm64.tar.gz".'
[ERROR Sun Aug  4 23:53:00 2024] ...plugged/mason.nvim/lua/mason-registry/sources/github.lua:146: Failed to install registry GitHubRegistrySource(repo=mason-org/mason-registry). "Failed to download registry archive."
[INFO  Sun Aug  4 23:53:46 2024] ...vim/plugged/mason.nvim/lua/mason-core/installer/init.lua:184: Executing installer for Package(name=lua-language-server) Package(name=lua-language-server)
[INFO  Sun Aug  4 23:55:00 2024] ...vim/plugged/mason.nvim/lua/mason-core/installer/init.lua:184: Executing installer for Package(name=lua-language-server) Package(name=lua-language-server)
[ERROR Sun Aug  4 23:55:00 2024] ...vim/plugged/mason.nvim/lua/mason-core/installer/init.lua:61: Lockfile already exists. Package(name=lua-language-server)
[ERROR Sun Aug  4 23:55:00 2024] ...vim/plugged/mason.nvim/lua/mason-core/installer/init.lua:249: Installation failed for Package(name=lua-language-server) error="Lockfile exists, installation is already running in another process (pid: 2288). Run with :MasonInstall --force to bypass."
[ERROR Sun Aug  4 23:55:21 2024] ...vim/plugged/mason.nvim/lua/mason-core/installer/init.lua:249: Installation failed for Package(name=lua-language-server) error="Installation was aborted."
[INFO  Sun Aug  4 23:57:00 2024] ...vim/plugged/mason.nvim/lua/mason-core/installer/init.lua:184: Executing installer for Package(name=lua-language-server) Package(name=lua-language-server)
[INFO  Sun Aug  4 23:57:07 2024] ...vim/plugged/mason.nvim/lua/mason-core/installer/init.lua:245: Installation succeeded for Package(name=lua-language-server)
[INFO  Sun Aug  4 23:58:50 2024] ...vim/plugged/mason.nvim/lua/mason-core/installer/init.lua:184: Executing installer for Package(name=lua-language-server) {}
[INFO  Sun Aug  4 23:58:52 2024] ...vim/plugged/mason.nvim/lua/mason-core/installer/init.lua:245: Installation succeeded for Package(name=lua-language-server)
[INFO  Mon Aug  5 00:01:05 2024] ...vim/plugged/mason.nvim/lua/mason-core/installer/init.lua:184: Executing installer for Package(name=bash-language-server) {}
[INFO  Mon Aug  5 00:01:09 2024] ...vim/plugged/mason.nvim/lua/mason-core/installer/init.lua:245: Installation succeeded for Package(name=bash-language-server)
[INFO  Thu Aug 15 17:11:00 2024] ...vim/plugged/mason.nvim/lua/mason-core/installer/init.lua:184: Executing installer for Package(name=lua-language-server) Package(name=lua-language-server)
[INFO  Thu Aug 15 17:11:03 2024] ...vim/plugged/mason.nvim/lua/mason-core/installer/init.lua:245: Installation succeeded for Package(name=lua-language-server)
[INFO  Thu Aug 15 17:12:32 2024] ...vim/plugged/mason.nvim/lua/mason-core/installer/init.lua:184: Executing installer for Package(name=python-lsp-server) {}
[INFO  Thu Aug 15 17:12:44 2024] ...vim/plugged/mason.nvim/lua/mason-core/installer/init.lua:245: Installation succeeded for Package(name=python-lsp-server)
[ERROR Thu Aug 15 17:13:02 2024] ...plugged/mason.nvim/lua/mason-registry/sources/github.lua:146: Failed to install registry GitHubRegistrySource(repo=mason-org/mason-registry). "Failed to download checksums.txt."
